// Jest Snapshot v1, https://goo.gl/fbAQLP

exports[`Renders <Main /> without crashing 1`] = `
<main
  class="main"
>
  children
</main>
`;
